This file contains any messages produced by compilers while
running configure, to aid debugging if configure makes a mistake.

It was created by configure, which was
generated by GNU Autoconf 2.59.  Invocation command line was

  $ ./configure --includedir /usr/include/netpbm

## --------- ##
## Platform. ##
## --------- ##

hostname = debian-gnu-linux-12-6
uname -m = aarch64
uname -r = 6.1.0-23-arm64
uname -s = Linux
uname -v = #1 SMP Debian 6.1.99-1 (2024-07-15)

/usr/bin/uname -p = unknown
/bin/uname -X     = unknown

/bin/arch              = aarch64
/usr/bin/arch -k       = unknown
/usr/convex/getsysinfo = unknown
hostinfo               = unknown
/bin/machine           = unknown
/usr/bin/oslevel       = unknown
/bin/universe          = unknown

PATH: /usr/local/bin
PATH: /usr/bin
PATH: /bin
PATH: /usr/local/games
PATH: /usr/games
PATH: /home/parallels/afni/src
PATH: /home/parallels/afni/src
PATH: /home/parallels/abin


## ----------- ##
## Core tests. ##
## ----------- ##

configure:1580: checking for a BSD-compatible install
configure:1635: result: /usr/bin/install -c
configure:1646: checking whether build environment is sane
configure:1689: result: yes
configure:1754: checking for gawk
configure:1783: result: no
configure:1754: checking for mawk
configure:1770: found /usr/bin/mawk
configure:1780: result: mawk
configure:1790: checking whether make sets $(MAKE)
configure:1810: result: yes
configure:2078: checking build system type
configure:2096: result: aarch64-unknown-linux-gnu
configure:2104: checking host system type
configure:2118: result: aarch64-unknown-linux-gnu
configure:2138: checking for style of include used by make
configure:2166: result: GNU
configure:2237: checking for gcc
configure:2263: result: /usr/bin/gcc -O2  -fPIC -DREAD_WRITE_64 -DLINUX2 -Wcomment -Wformat -DUSE_TRACING -DHAVE_XDBE  -DDONT_USE_XTDESTROY -D_GNU_SOURCE -DREPLACE_XT 
configure:2507: checking for C compiler version
configure:2510: /usr/bin/gcc -O2  -fPIC -DREAD_WRITE_64 -DLINUX2 -Wcomment -Wformat -DUSE_TRACING -DHAVE_XDBE  -DDONT_USE_XTDESTROY -D_GNU_SOURCE -DREPLACE_XT  --version </dev/null >&5
gcc (Debian 12.2.0-14+deb12u1) 12.2.0
Copyright (C) 2022 Free Software Foundation, Inc.
This is free software; see the source for copying conditions.  There is NO
warranty; not even for MERCHANTABILITY or FITNESS FOR A PARTICULAR PURPOSE.

configure:2513: $? = 0
configure:2515: /usr/bin/gcc -O2  -fPIC -DREAD_WRITE_64 -DLINUX2 -Wcomment -Wformat -DUSE_TRACING -DHAVE_XDBE  -DDONT_USE_XTDESTROY -D_GNU_SOURCE -DREPLACE_XT  -v </dev/null >&5
Using built-in specs.
COLLECT_GCC=/usr/bin/gcc
COLLECT_LTO_WRAPPER=/usr/lib/gcc/aarch64-linux-gnu/12/lto-wrapper
Target: aarch64-linux-gnu
Configured with: ../src/configure -v --with-pkgversion='Debian 12.2.0-14+deb12u1' --with-bugurl=file:///usr/share/doc/gcc-12/README.Bugs --enable-languages=c,ada,c++,go,d,fortran,objc,obj-c++,m2 --prefix=/usr --with-gcc-major-version-only --program-suffix=-12 --program-prefix=aarch64-linux-gnu- --enable-shared --enable-linker-build-id --libexecdir=/usr/lib --without-included-gettext --enable-threads=posix --libdir=/usr/lib --enable-nls --enable-clocale=gnu --enable-libstdcxx-debug --enable-libstdcxx-time=yes --with-default-libstdcxx-abi=new --enable-gnu-unique-object --disable-libquadmath --disable-libquadmath-support --enable-plugin --enable-default-pie --with-system-zlib --enable-libphobos-checking=release --with-target-system-zlib=auto --enable-objc-gc=auto --enable-multiarch --enable-fix-cortex-a53-843419 --disable-werror --enable-checking=release --build=aarch64-linux-gnu --host=aarch64-linux-gnu --target=aarch64-linux-gnu
Thread model: posix
Supported LTO compression algorithms: zlib zstd
gcc version 12.2.0 (Debian 12.2.0-14+deb12u1) 
configure:2518: $? = 0
configure:2520: /usr/bin/gcc -O2  -fPIC -DREAD_WRITE_64 -DLINUX2 -Wcomment -Wformat -DUSE_TRACING -DHAVE_XDBE  -DDONT_USE_XTDESTROY -D_GNU_SOURCE -DREPLACE_XT  -V </dev/null >&5
gcc: error: unrecognized command-line option '-V'
gcc: fatal error: no input files
compilation terminated.
configure:2523: $? = 1
configure:2546: checking for C compiler default output file name
configure:2549: /usr/bin/gcc -O2  -fPIC -DREAD_WRITE_64 -DLINUX2 -Wcomment -Wformat -DUSE_TRACING -DHAVE_XDBE  -DDONT_USE_XTDESTROY -D_GNU_SOURCE -DREPLACE_XT     conftest.c  >&5
configure:2552: $? = 0
configure:2598: result: a.out
configure:2603: checking whether the C compiler works
configure:2609: ./a.out
configure:2612: $? = 0
configure:2629: result: yes
configure:2636: checking whether we are cross compiling
configure:2638: result: no
configure:2641: checking for suffix of executables
configure:2643: /usr/bin/gcc -O2  -fPIC -DREAD_WRITE_64 -DLINUX2 -Wcomment -Wformat -DUSE_TRACING -DHAVE_XDBE  -DDONT_USE_XTDESTROY -D_GNU_SOURCE -DREPLACE_XT  -o conftest    conftest.c  >&5
configure:2646: $? = 0
configure:2671: result: 
configure:2677: checking for suffix of object files
configure:2698: /usr/bin/gcc -O2  -fPIC -DREAD_WRITE_64 -DLINUX2 -Wcomment -Wformat -DUSE_TRACING -DHAVE_XDBE  -DDONT_USE_XTDESTROY -D_GNU_SOURCE -DREPLACE_XT  -c   conftest.c >&5
configure:2701: $? = 0
configure:2723: result: o
configure:2727: checking whether we are using the GNU C compiler
configure:2751: /usr/bin/gcc -O2  -fPIC -DREAD_WRITE_64 -DLINUX2 -Wcomment -Wformat -DUSE_TRACING -DHAVE_XDBE  -DDONT_USE_XTDESTROY -D_GNU_SOURCE -DREPLACE_XT  -c   conftest.c >&5
configure:2757: $? = 0
configure:2761: test -z 
			 || test ! -s conftest.err
configure:2764: $? = 0
configure:2767: test -s conftest.o
configure:2770: $? = 0
configure:2783: result: yes
configure:2789: checking whether /usr/bin/gcc -O2  -fPIC -DREAD_WRITE_64 -DLINUX2 -Wcomment -Wformat -DUSE_TRACING -DHAVE_XDBE  -DDONT_USE_XTDESTROY -D_GNU_SOURCE -DREPLACE_XT  accepts -g
configure:2810: /usr/bin/gcc -O2  -fPIC -DREAD_WRITE_64 -DLINUX2 -Wcomment -Wformat -DUSE_TRACING -DHAVE_XDBE  -DDONT_USE_XTDESTROY -D_GNU_SOURCE -DREPLACE_XT  -c -g  conftest.c >&5
configure:2816: $? = 0
configure:2820: test -z 
			 || test ! -s conftest.err
configure:2823: $? = 0
configure:2826: test -s conftest.o
configure:2829: $? = 0
configure:2840: result: yes
configure:2857: checking for /usr/bin/gcc -O2  -fPIC -DREAD_WRITE_64 -DLINUX2 -Wcomment -Wformat -DUSE_TRACING -DHAVE_XDBE  -DDONT_USE_XTDESTROY -D_GNU_SOURCE -DREPLACE_XT  option to accept ANSI C
configure:2927: /usr/bin/gcc -O2  -fPIC -DREAD_WRITE_64 -DLINUX2 -Wcomment -Wformat -DUSE_TRACING -DHAVE_XDBE  -DDONT_USE_XTDESTROY -D_GNU_SOURCE -DREPLACE_XT   -c -g -O2  conftest.c >&5
configure:2933: $? = 0
configure:2937: test -z 
			 || test ! -s conftest.err
configure:2940: $? = 0
configure:2943: test -s conftest.o
configure:2946: $? = 0
configure:2964: result: none needed
configure:2982: /usr/bin/gcc -O2  -fPIC -DREAD_WRITE_64 -DLINUX2 -Wcomment -Wformat -DUSE_TRACING -DHAVE_XDBE  -DDONT_USE_XTDESTROY -D_GNU_SOURCE -DREPLACE_XT  -c -g -O2  conftest.c >&5
conftest.c:2:3: error: unknown type name 'choke'
    2 |   choke me
      |   ^~~~~
conftest.c:2:3: error: expected '=', ',', ';', 'asm' or '__attribute__' at end of input
configure:2988: $? = 1
configure: failed program was:
| #ifndef __cplusplus
|   choke me
| #endif
configure:3123: checking dependency style of /usr/bin/gcc -O2  -fPIC -DREAD_WRITE_64 -DLINUX2 -Wcomment -Wformat -DUSE_TRACING -DHAVE_XDBE  -DDONT_USE_XTDESTROY -D_GNU_SOURCE -DREPLACE_XT 
configure:3213: result: gcc3
configure:3230: checking for a sed that does not truncate output
configure:3284: result: /usr/bin/sed
configure:3287: checking for egrep
configure:3297: result: grep -E
configure:3313: checking for ld used by /usr/bin/gcc -O2  -fPIC -DREAD_WRITE_64 -DLINUX2 -Wcomment -Wformat -DUSE_TRACING -DHAVE_XDBE  -DDONT_USE_XTDESTROY -D_GNU_SOURCE -DREPLACE_XT 
configure:3380: result: /usr/bin/ld
configure:3389: checking if the linker (/usr/bin/ld) is GNU ld
configure:3404: result: yes
configure:3409: checking for /usr/bin/ld option to reload object files
configure:3416: result: -r
configure:3434: checking for BSD-compatible nm
configure:3476: result: /usr/bin/nm -B
configure:3480: checking whether ln -s works
configure:3484: result: yes
configure:3491: checking how to recognise dependent libraries
configure:3663: result: pass_all
configure:3877: checking how to run the C preprocessor
configure:3912: /usr/bin/gcc -O2  -fPIC -DREAD_WRITE_64 -DLINUX2 -Wcomment -Wformat -DUSE_TRACING -DHAVE_XDBE  -DDONT_USE_XTDESTROY -D_GNU_SOURCE -DREPLACE_XT  -E  conftest.c
configure:3918: $? = 0
configure:3950: /usr/bin/gcc -O2  -fPIC -DREAD_WRITE_64 -DLINUX2 -Wcomment -Wformat -DUSE_TRACING -DHAVE_XDBE  -DDONT_USE_XTDESTROY -D_GNU_SOURCE -DREPLACE_XT  -E  conftest.c
conftest.c:14:10: fatal error: ac_nonexistent.h: No such file or directory
   14 | #include <ac_nonexistent.h>
      |          ^~~~~~~~~~~~~~~~~~
compilation terminated.
configure:3956: $? = 1
configure: failed program was:
| /* confdefs.h.  */
| 
| #define PACKAGE_NAME ""
| #define PACKAGE_TARNAME ""
| #define PACKAGE_VERSION ""
| #define PACKAGE_STRING ""
| #define PACKAGE_BUGREPORT ""
| #define GTS_MAJOR_VERSION 0
| #define GTS_MINOR_VERSION 7
| #define GTS_MICRO_VERSION 4
| #define GTS_INTERFACE_AGE 0
| #define GTS_BINARY_AGE 0
| /* end confdefs.h.  */
| #include <ac_nonexistent.h>
configure:3995: result: /usr/bin/gcc -O2  -fPIC -DREAD_WRITE_64 -DLINUX2 -Wcomment -Wformat -DUSE_TRACING -DHAVE_XDBE  -DDONT_USE_XTDESTROY -D_GNU_SOURCE -DREPLACE_XT  -E
configure:4019: /usr/bin/gcc -O2  -fPIC -DREAD_WRITE_64 -DLINUX2 -Wcomment -Wformat -DUSE_TRACING -DHAVE_XDBE  -DDONT_USE_XTDESTROY -D_GNU_SOURCE -DREPLACE_XT  -E  conftest.c
configure:4025: $? = 0
configure:4057: /usr/bin/gcc -O2  -fPIC -DREAD_WRITE_64 -DLINUX2 -Wcomment -Wformat -DUSE_TRACING -DHAVE_XDBE  -DDONT_USE_XTDESTROY -D_GNU_SOURCE -DREPLACE_XT  -E  conftest.c
conftest.c:14:10: fatal error: ac_nonexistent.h: No such file or directory
   14 | #include <ac_nonexistent.h>
      |          ^~~~~~~~~~~~~~~~~~
compilation terminated.
configure:4063: $? = 1
configure: failed program was:
| /* confdefs.h.  */
| 
| #define PACKAGE_NAME ""
| #define PACKAGE_TARNAME ""
| #define PACKAGE_VERSION ""
| #define PACKAGE_STRING ""
| #define PACKAGE_BUGREPORT ""
| #define GTS_MAJOR_VERSION 0
| #define GTS_MINOR_VERSION 7
| #define GTS_MICRO_VERSION 4
| #define GTS_INTERFACE_AGE 0
| #define GTS_BINARY_AGE 0
| /* end confdefs.h.  */
| #include <ac_nonexistent.h>
configure:4107: checking for ANSI C header files
configure:4132: /usr/bin/gcc -O2  -fPIC -DREAD_WRITE_64 -DLINUX2 -Wcomment -Wformat -DUSE_TRACING -DHAVE_XDBE  -DDONT_USE_XTDESTROY -D_GNU_SOURCE -DREPLACE_XT  -c -g -O2  conftest.c >&5
configure:4138: $? = 0
configure:4142: test -z 
			 || test ! -s conftest.err
configure:4145: $? = 0
configure:4148: test -s conftest.o
configure:4151: $? = 0
configure:4240: /usr/bin/gcc -O2  -fPIC -DREAD_WRITE_64 -DLINUX2 -Wcomment -Wformat -DUSE_TRACING -DHAVE_XDBE  -DDONT_USE_XTDESTROY -D_GNU_SOURCE -DREPLACE_XT  -o conftest -g -O2   conftest.c  >&5
conftest.c: In function 'main':
conftest.c:31:7: warning: implicit declaration of function 'exit' [-Wimplicit-function-declaration]
   31 |       exit(2);
      |       ^~~~
conftest.c:15:1: note: include '<stdlib.h>' or provide a declaration of 'exit'
   14 | #include <ctype.h>
  +++ |+#include <stdlib.h>
   15 | #if ((' ' & 0x0FF) == 0x020)
conftest.c:31:7: warning: incompatible implicit declaration of built-in function 'exit' [-Wbuiltin-declaration-mismatch]
   31 |       exit(2);
      |       ^~~~
conftest.c:31:7: note: include '<stdlib.h>' or provide a declaration of 'exit'
conftest.c:32:3: warning: incompatible implicit declaration of built-in function 'exit' [-Wbuiltin-declaration-mismatch]
   32 |   exit (0);
      |   ^~~~
conftest.c:32:3: note: include '<stdlib.h>' or provide a declaration of 'exit'
configure:4243: $? = 0
configure:4245: ./conftest
configure:4248: $? = 0
configure:4263: result: yes
configure:4287: checking for sys/types.h
configure:4303: /usr/bin/gcc -O2  -fPIC -DREAD_WRITE_64 -DLINUX2 -Wcomment -Wformat -DUSE_TRACING -DHAVE_XDBE  -DDONT_USE_XTDESTROY -D_GNU_SOURCE -DREPLACE_XT  -c -g -O2  conftest.c >&5
configure:4309: $? = 0
configure:4313: test -z 
			 || test ! -s conftest.err
configure:4316: $? = 0
configure:4319: test -s conftest.o
configure:4322: $? = 0
configure:4333: result: yes
configure:4287: checking for sys/stat.h
configure:4303: /usr/bin/gcc -O2  -fPIC -DREAD_WRITE_64 -DLINUX2 -Wcomment -Wformat -DUSE_TRACING -DHAVE_XDBE  -DDONT_USE_XTDESTROY -D_GNU_SOURCE -DREPLACE_XT  -c -g -O2  conftest.c >&5
configure:4309: $? = 0
configure:4313: test -z 
			 || test ! -s conftest.err
configure:4316: $? = 0
configure:4319: test -s conftest.o
configure:4322: $? = 0
configure:4333: result: yes
configure:4287: checking for stdlib.h
configure:4303: /usr/bin/gcc -O2  -fPIC -DREAD_WRITE_64 -DLINUX2 -Wcomment -Wformat -DUSE_TRACING -DHAVE_XDBE  -DDONT_USE_XTDESTROY -D_GNU_SOURCE -DREPLACE_XT  -c -g -O2  conftest.c >&5
configure:4309: $? = 0
configure:4313: test -z 
			 || test ! -s conftest.err
configure:4316: $? = 0
configure:4319: test -s conftest.o
configure:4322: $? = 0
configure:4333: result: yes
configure:4287: checking for string.h
configure:4303: /usr/bin/gcc -O2  -fPIC -DREAD_WRITE_64 -DLINUX2 -Wcomment -Wformat -DUSE_TRACING -DHAVE_XDBE  -DDONT_USE_XTDESTROY -D_GNU_SOURCE -DREPLACE_XT  -c -g -O2  conftest.c >&5
configure:4309: $? = 0
configure:4313: test -z 
			 || test ! -s conftest.err
configure:4316: $? = 0
configure:4319: test -s conftest.o
configure:4322: $? = 0
configure:4333: result: yes
configure:4287: checking for memory.h
configure:4303: /usr/bin/gcc -O2  -fPIC -DREAD_WRITE_64 -DLINUX2 -Wcomment -Wformat -DUSE_TRACING -DHAVE_XDBE  -DDONT_USE_XTDESTROY -D_GNU_SOURCE -DREPLACE_XT  -c -g -O2  conftest.c >&5
configure:4309: $? = 0
configure:4313: test -z 
			 || test ! -s conftest.err
configure:4316: $? = 0
configure:4319: test -s conftest.o
configure:4322: $? = 0
configure:4333: result: yes
configure:4287: checking for strings.h
configure:4303: /usr/bin/gcc -O2  -fPIC -DREAD_WRITE_64 -DLINUX2 -Wcomment -Wformat -DUSE_TRACING -DHAVE_XDBE  -DDONT_USE_XTDESTROY -D_GNU_SOURCE -DREPLACE_XT  -c -g -O2  conftest.c >&5
configure:4309: $? = 0
configure:4313: test -z 
			 || test ! -s conftest.err
configure:4316: $? = 0
configure:4319: test -s conftest.o
configure:4322: $? = 0
configure:4333: result: yes
configure:4287: checking for inttypes.h
configure:4303: /usr/bin/gcc -O2  -fPIC -DREAD_WRITE_64 -DLINUX2 -Wcomment -Wformat -DUSE_TRACING -DHAVE_XDBE  -DDONT_USE_XTDESTROY -D_GNU_SOURCE -DREPLACE_XT  -c -g -O2  conftest.c >&5
configure:4309: $? = 0
configure:4313: test -z 
			 || test ! -s conftest.err
configure:4316: $? = 0
configure:4319: test -s conftest.o
configure:4322: $? = 0
configure:4333: result: yes
configure:4287: checking for stdint.h
configure:4303: /usr/bin/gcc -O2  -fPIC -DREAD_WRITE_64 -DLINUX2 -Wcomment -Wformat -DUSE_TRACING -DHAVE_XDBE  -DDONT_USE_XTDESTROY -D_GNU_SOURCE -DREPLACE_XT  -c -g -O2  conftest.c >&5
configure:4309: $? = 0
configure:4313: test -z 
			 || test ! -s conftest.err
configure:4316: $? = 0
configure:4319: test -s conftest.o
configure:4322: $? = 0
configure:4333: result: yes
configure:4287: checking for unistd.h
configure:4303: /usr/bin/gcc -O2  -fPIC -DREAD_WRITE_64 -DLINUX2 -Wcomment -Wformat -DUSE_TRACING -DHAVE_XDBE  -DDONT_USE_XTDESTROY -D_GNU_SOURCE -DREPLACE_XT  -c -g -O2  conftest.c >&5
configure:4309: $? = 0
configure:4313: test -z 
			 || test ! -s conftest.err
configure:4316: $? = 0
configure:4319: test -s conftest.o
configure:4322: $? = 0
configure:4333: result: yes
configure:4359: checking dlfcn.h usability
configure:4371: /usr/bin/gcc -O2  -fPIC -DREAD_WRITE_64 -DLINUX2 -Wcomment -Wformat -DUSE_TRACING -DHAVE_XDBE  -DDONT_USE_XTDESTROY -D_GNU_SOURCE -DREPLACE_XT  -c -g -O2  conftest.c >&5
configure:4377: $? = 0
configure:4381: test -z 
			 || test ! -s conftest.err
configure:4384: $? = 0
configure:4387: test -s conftest.o
configure:4390: $? = 0
configure:4400: result: yes
configure:4404: checking dlfcn.h presence
configure:4414: /usr/bin/gcc -O2  -fPIC -DREAD_WRITE_64 -DLINUX2 -Wcomment -Wformat -DUSE_TRACING -DHAVE_XDBE  -DDONT_USE_XTDESTROY -D_GNU_SOURCE -DREPLACE_XT  -E  conftest.c
configure:4420: $? = 0
configure:4440: result: yes
configure:4475: checking for dlfcn.h
configure:4482: result: yes
configure:4547: checking for g++
configure:4563: found /usr/bin/g++
configure:4573: result: g++
configure:4589: checking for C++ compiler version
configure:4592: g++ --version </dev/null >&5
g++ (Debian 12.2.0-14+deb12u1) 12.2.0
Copyright (C) 2022 Free Software Foundation, Inc.
This is free software; see the source for copying conditions.  There is NO
warranty; not even for MERCHANTABILITY or FITNESS FOR A PARTICULAR PURPOSE.

configure:4595: $? = 0
configure:4597: g++ -v </dev/null >&5
Using built-in specs.
COLLECT_GCC=g++
COLLECT_LTO_WRAPPER=/usr/lib/gcc/aarch64-linux-gnu/12/lto-wrapper
Target: aarch64-linux-gnu
Configured with: ../src/configure -v --with-pkgversion='Debian 12.2.0-14+deb12u1' --with-bugurl=file:///usr/share/doc/gcc-12/README.Bugs --enable-languages=c,ada,c++,go,d,fortran,objc,obj-c++,m2 --prefix=/usr --with-gcc-major-version-only --program-suffix=-12 --program-prefix=aarch64-linux-gnu- --enable-shared --enable-linker-build-id --libexecdir=/usr/lib --without-included-gettext --enable-threads=posix --libdir=/usr/lib --enable-nls --enable-clocale=gnu --enable-libstdcxx-debug --enable-libstdcxx-time=yes --with-default-libstdcxx-abi=new --enable-gnu-unique-object --disable-libquadmath --disable-libquadmath-support --enable-plugin --enable-default-pie --with-system-zlib --enable-libphobos-checking=release --with-target-system-zlib=auto --enable-objc-gc=auto --enable-multiarch --enable-fix-cortex-a53-843419 --disable-werror --enable-checking=release --build=aarch64-linux-gnu --host=aarch64-linux-gnu --target=aarch64-linux-gnu
Thread model: posix
Supported LTO compression algorithms: zlib zstd
gcc version 12.2.0 (Debian 12.2.0-14+deb12u1) 
configure:4600: $? = 0
configure:4602: g++ -V </dev/null >&5
g++: error: unrecognized command-line option '-V'
g++: fatal error: no input files
compilation terminated.
configure:4605: $? = 1
configure:4608: checking whether we are using the GNU C++ compiler
configure:4632: g++ -c   conftest.cc >&5
configure:4638: $? = 0
configure:4642: test -z 
			 || test ! -s conftest.err
configure:4645: $? = 0
configure:4648: test -s conftest.o
configure:4651: $? = 0
configure:4664: result: yes
configure:4670: checking whether g++ accepts -g
configure:4691: g++ -c -g  conftest.cc >&5
configure:4697: $? = 0
configure:4701: test -z 
			 || test ! -s conftest.err
configure:4704: $? = 0
configure:4707: test -s conftest.o
configure:4710: $? = 0
configure:4721: result: yes
configure:4763: g++ -c -g -O2  conftest.cc >&5
configure:4769: $? = 0
configure:4773: test -z 
			 || test ! -s conftest.err
configure:4776: $? = 0
configure:4779: test -s conftest.o
configure:4782: $? = 0
configure:4808: g++ -c -g -O2  conftest.cc >&5
conftest.cc: In function 'int main()':
conftest.cc:29:1: error: 'exit' was not declared in this scope
   29 | exit (42);
      | ^~~~
conftest.cc:1:1: note: 'exit' is defined in header '<cstdlib>'; did you forget to '#include <cstdlib>'?
    1 | /* confdefs.h.  */
configure:4814: $? = 1
configure: failed program was:
| /* confdefs.h.  */
| 
| #define PACKAGE_NAME ""
| #define PACKAGE_TARNAME ""
| #define PACKAGE_VERSION ""
| #define PACKAGE_STRING ""
| #define PACKAGE_BUGREPORT ""
| #define GTS_MAJOR_VERSION 0
| #define GTS_MINOR_VERSION 7
| #define GTS_MICRO_VERSION 4
| #define GTS_INTERFACE_AGE 0
| #define GTS_BINARY_AGE 0
| #define STDC_HEADERS 1
| #define HAVE_SYS_TYPES_H 1
| #define HAVE_SYS_STAT_H 1
| #define HAVE_STDLIB_H 1
| #define HAVE_STRING_H 1
| #define HAVE_MEMORY_H 1
| #define HAVE_STRINGS_H 1
| #define HAVE_INTTYPES_H 1
| #define HAVE_STDINT_H 1
| #define HAVE_UNISTD_H 1
| #define HAVE_DLFCN_H 1
| /* end confdefs.h.  */
| 
| int
| main ()
| {
| exit (42);
|   ;
|   return 0;
| }
configure:4763: g++ -c -g -O2  conftest.cc >&5
conftest.cc:25:17: warning: 'void std::exit(int)' has not been declared within 'std'
   25 | extern "C" void std::exit (int) throw (); using std::exit;
      |                 ^~~
<built-in>: note: only here as a 'friend'
configure:4769: $? = 0
configure:4773: test -z 
			 || test ! -s conftest.err
configure:4776: $? = 0
configure:4779: test -s conftest.o
configure:4782: $? = 0
configure:4808: g++ -c -g -O2  conftest.cc >&5
conftest.cc:25:17: warning: 'void std::exit(int)' has not been declared within 'std'
   25 | extern "C" void std::exit (int) throw (); using std::exit;
      |                 ^~~
<built-in>: note: only here as a 'friend'
configure:4814: $? = 0
configure:4818: test -z 
			 || test ! -s conftest.err
configure:4821: $? = 0
configure:4824: test -s conftest.o
configure:4827: $? = 0
configure:4852: checking dependency style of g++
configure:4942: result: gcc3
configure:4969: checking how to run the C++ preprocessor
configure:5000: g++ -E  conftest.cc
configure:5006: $? = 0
configure:5038: g++ -E  conftest.cc
conftest.cc:28:10: fatal error: ac_nonexistent.h: No such file or directory
   28 | #include <ac_nonexistent.h>
      |          ^~~~~~~~~~~~~~~~~~
compilation terminated.
configure:5044: $? = 1
configure: failed program was:
| /* confdefs.h.  */
| 
| #define PACKAGE_NAME ""
| #define PACKAGE_TARNAME ""
| #define PACKAGE_VERSION ""
| #define PACKAGE_STRING ""
| #define PACKAGE_BUGREPORT ""
| #define GTS_MAJOR_VERSION 0
| #define GTS_MINOR_VERSION 7
| #define GTS_MICRO_VERSION 4
| #define GTS_INTERFACE_AGE 0
| #define GTS_BINARY_AGE 0
| #define STDC_HEADERS 1
| #define HAVE_SYS_TYPES_H 1
| #define HAVE_SYS_STAT_H 1
| #define HAVE_STDLIB_H 1
| #define HAVE_STRING_H 1
| #define HAVE_MEMORY_H 1
| #define HAVE_STRINGS_H 1
| #define HAVE_INTTYPES_H 1
| #define HAVE_STDINT_H 1
| #define HAVE_UNISTD_H 1
| #define HAVE_DLFCN_H 1
| #ifdef __cplusplus
| extern "C" void std::exit (int) throw (); using std::exit;
| #endif
| /* end confdefs.h.  */
| #include <ac_nonexistent.h>
configure:5083: result: g++ -E
configure:5107: g++ -E  conftest.cc
configure:5113: $? = 0
configure:5145: g++ -E  conftest.cc
conftest.cc:28:10: fatal error: ac_nonexistent.h: No such file or directory
   28 | #include <ac_nonexistent.h>
      |          ^~~~~~~~~~~~~~~~~~
compilation terminated.
configure:5151: $? = 1
configure: failed program was:
| /* confdefs.h.  */
| 
| #define PACKAGE_NAME ""
| #define PACKAGE_TARNAME ""
| #define PACKAGE_VERSION ""
| #define PACKAGE_STRING ""
| #define PACKAGE_BUGREPORT ""
| #define GTS_MAJOR_VERSION 0
| #define GTS_MINOR_VERSION 7
| #define GTS_MICRO_VERSION 4
| #define GTS_INTERFACE_AGE 0
| #define GTS_BINARY_AGE 0
| #define STDC_HEADERS 1
| #define HAVE_SYS_TYPES_H 1
| #define HAVE_SYS_STAT_H 1
| #define HAVE_STDLIB_H 1
| #define HAVE_STRING_H 1
| #define HAVE_MEMORY_H 1
| #define HAVE_STRINGS_H 1
| #define HAVE_INTTYPES_H 1
| #define HAVE_STDINT_H 1
| #define HAVE_UNISTD_H 1
| #define HAVE_DLFCN_H 1
| #ifdef __cplusplus
| extern "C" void std::exit (int) throw (); using std::exit;
| #endif
| /* end confdefs.h.  */
| #include <ac_nonexistent.h>
configure:5248: checking for g77
configure:5277: result: no
configure:5248: checking for f77
configure:5264: found /usr/bin/f77
configure:5274: result: f77
configure:5289: checking for Fortran 77 compiler version
configure:5292: f77 --version </dev/null >&5
GNU Fortran (Debian 12.2.0-14+deb12u1) 12.2.0
Copyright (C) 2022 Free Software Foundation, Inc.
This is free software; see the source for copying conditions.  There is NO
warranty; not even for MERCHANTABILITY or FITNESS FOR A PARTICULAR PURPOSE.

configure:5295: $? = 0
configure:5297: f77 -v </dev/null >&5
Using built-in specs.
COLLECT_GCC=f77
COLLECT_LTO_WRAPPER=/usr/lib/gcc/aarch64-linux-gnu/12/lto-wrapper
Target: aarch64-linux-gnu
Configured with: ../src/configure -v --with-pkgversion='Debian 12.2.0-14+deb12u1' --with-bugurl=file:///usr/share/doc/gcc-12/README.Bugs --enable-languages=c,ada,c++,go,d,fortran,objc,obj-c++,m2 --prefix=/usr --with-gcc-major-version-only --program-suffix=-12 --program-prefix=aarch64-linux-gnu- --enable-shared --enable-linker-build-id --libexecdir=/usr/lib --without-included-gettext --enable-threads=posix --libdir=/usr/lib --enable-nls --enable-clocale=gnu --enable-libstdcxx-debug --enable-libstdcxx-time=yes --with-default-libstdcxx-abi=new --enable-gnu-unique-object --disable-libquadmath --disable-libquadmath-support --enable-plugin --enable-default-pie --with-system-zlib --enable-libphobos-checking=release --with-target-system-zlib=auto --enable-objc-gc=auto --enable-multiarch --enable-fix-cortex-a53-843419 --disable-werror --enable-checking=release --build=aarch64-linux-gnu --host=aarch64-linux-gnu --target=aarch64-linux-gnu
Thread model: posix
Supported LTO compression algorithms: zlib zstd
gcc version 12.2.0 (Debian 12.2.0-14+deb12u1) 
configure:5300: $? = 0
configure:5302: f77 -V </dev/null >&5
f77: error: unrecognized command-line option '-V'
f77: fatal error: no input files
compilation terminated.
configure:5305: $? = 1
configure:5313: checking whether we are using the GNU Fortran 77 compiler
configure:5327: f77 -c  conftest.F >&5
configure:5333: $? = 0
configure:5337: test -z 
			 || test ! -s conftest.err
configure:5340: $? = 0
configure:5343: test -s conftest.o
configure:5346: $? = 0
configure:5359: result: yes
configure:5365: checking whether f77 accepts -g
configure:5377: f77 -c -g conftest.f >&5
configure:5383: $? = 0
configure:5387: test -z 
			 || test ! -s conftest.err
configure:5390: $? = 0
configure:5393: test -s conftest.o
configure:5396: $? = 0
configure:5408: result: yes
configure:5438: checking the maximum length of command line arguments
configure:5517: result: 32768
configure:5528: checking command to parse /usr/bin/nm -B output from /usr/bin/gcc -O2  -fPIC -DREAD_WRITE_64 -DLINUX2 -Wcomment -Wformat -DUSE_TRACING -DHAVE_XDBE  -DDONT_USE_XTDESTROY -D_GNU_SOURCE -DREPLACE_XT  object
configure:5624: /usr/bin/gcc -O2  -fPIC -DREAD_WRITE_64 -DLINUX2 -Wcomment -Wformat -DUSE_TRACING -DHAVE_XDBE  -DDONT_USE_XTDESTROY -D_GNU_SOURCE -DREPLACE_XT  -c -g -O2  conftest.c >&5
configure:5627: $? = 0
configure:5631: /usr/bin/nm -B conftest.o \| sed -n -e 's/^.*[ 	]\([ABCDGIRSTW][ABCDGIRSTW]*\)[ 	][ 	]*\(\)\([_A-Za-z][_A-Za-z0-9]*\)$/\1 \2\3 \3/p' \> conftest.nm
configure:5634: $? = 0
configure:5686: /usr/bin/gcc -O2  -fPIC -DREAD_WRITE_64 -DLINUX2 -Wcomment -Wformat -DUSE_TRACING -DHAVE_XDBE  -DDONT_USE_XTDESTROY -D_GNU_SOURCE -DREPLACE_XT  -o conftest -g -O2   conftest.c conftstm.o >&5
configure:5689: $? = 0
configure:5727: result: ok
configure:5731: checking for objdir
configure:5746: result: .libs
configure:5836: checking for ar
configure:5852: found /usr/bin/ar
configure:5863: result: ar
configure:5916: checking for ranlib
configure:5943: result: /usr/bin/ranlib
configure:5996: checking for strip
configure:6012: found /usr/bin/strip
configure:6023: result: strip
configure:6287: checking if /usr/bin/gcc -O2  -fPIC -DREAD_WRITE_64 -DLINUX2 -Wcomment -Wformat -DUSE_TRACING -DHAVE_XDBE  -DDONT_USE_XTDESTROY -D_GNU_SOURCE -DREPLACE_XT  static flag  works
configure:6310: result: yes
configure:6328: checking if /usr/bin/gcc -O2  -fPIC -DREAD_WRITE_64 -DLINUX2 -Wcomment -Wformat -DUSE_TRACING -DHAVE_XDBE  -DDONT_USE_XTDESTROY -D_GNU_SOURCE -DREPLACE_XT  supports -fno-rtti -fno-exceptions
configure:6346: /usr/bin/gcc -O2  -fPIC -DREAD_WRITE_64 -DLINUX2 -Wcomment -Wformat -DUSE_TRACING -DHAVE_XDBE  -DDONT_USE_XTDESTROY -D_GNU_SOURCE -DREPLACE_XT  -c -g -O2  -fno-rtti -fno-exceptions conftest.c >&5
cc1: warning: command-line option '-fno-rtti' is valid for C++/D/ObjC++ but not for C
configure:6350: $? = 0
configure:6361: result: no
configure:6376: checking for /usr/bin/gcc -O2  -fPIC -DREAD_WRITE_64 -DLINUX2 -Wcomment -Wformat -DUSE_TRACING -DHAVE_XDBE  -DDONT_USE_XTDESTROY -D_GNU_SOURCE -DREPLACE_XT  option to produce PIC
configure:6563: result: -fPIC
configure:6571: checking if /usr/bin/gcc -O2  -fPIC -DREAD_WRITE_64 -DLINUX2 -Wcomment -Wformat -DUSE_TRACING -DHAVE_XDBE  -DDONT_USE_XTDESTROY -D_GNU_SOURCE -DREPLACE_XT  PIC flag -fPIC works
configure:6589: /usr/bin/gcc -O2  -fPIC -DREAD_WRITE_64 -DLINUX2 -Wcomment -Wformat -DUSE_TRACING -DHAVE_XDBE  -DDONT_USE_XTDESTROY -D_GNU_SOURCE -DREPLACE_XT  -c -g -O2  -fPIC -DPIC conftest.c >&5
configure:6593: $? = 0
configure:6604: result: yes
configure:6628: checking if /usr/bin/gcc -O2  -fPIC -DREAD_WRITE_64 -DLINUX2 -Wcomment -Wformat -DUSE_TRACING -DHAVE_XDBE  -DDONT_USE_XTDESTROY -D_GNU_SOURCE -DREPLACE_XT  supports -c -o file.o
configure:6649: /usr/bin/gcc -O2  -fPIC -DREAD_WRITE_64 -DLINUX2 -Wcomment -Wformat -DUSE_TRACING -DHAVE_XDBE  -DDONT_USE_XTDESTROY -D_GNU_SOURCE -DREPLACE_XT  -c -g -O2  -o out/conftest2.o conftest.c >&5
configure:6653: $? = 0
configure:6673: result: yes
configure:6699: checking whether the /usr/bin/gcc -O2  -fPIC -DREAD_WRITE_64 -DLINUX2 -Wcomment -Wformat -DUSE_TRACING -DHAVE_XDBE  -DDONT_USE_XTDESTROY -D_GNU_SOURCE -DREPLACE_XT  linker (/usr/bin/ld) supports shared libraries
configure:7548: result: yes
configure:7574: checking whether -lc should be explicitly linked in
configure:7579: /usr/bin/gcc -O2  -fPIC -DREAD_WRITE_64 -DLINUX2 -Wcomment -Wformat -DUSE_TRACING -DHAVE_XDBE  -DDONT_USE_XTDESTROY -D_GNU_SOURCE -DREPLACE_XT  -c -g -O2  conftest.c >&5
configure:7582: $? = 0
configure:7596: /usr/bin/gcc -O2  -fPIC -DREAD_WRITE_64 -DLINUX2 -Wcomment -Wformat -DUSE_TRACING -DHAVE_XDBE  -DDONT_USE_XTDESTROY -D_GNU_SOURCE -DREPLACE_XT  -shared conftest.o  -v -Wl,-soname -Wl,conftest -o conftest 2\>\&1 \| grep  -lc  \>/dev/null 2\>\&1
configure:7599: $? = 0
configure:7611: result: no
configure:7619: checking dynamic linker characteristics
configure:8159: result: GNU/Linux ld.so
configure:8163: checking how to hardcode library paths into programs
configure:8188: result: immediate
configure:8202: checking whether stripping libraries is possible
configure:8207: result: yes
configure:9037: checking if libtool supports shared libraries
configure:9039: result: yes
configure:9042: checking whether to build shared libraries
configure:9063: result: yes
configure:9066: checking whether to build static libraries
configure:9070: result: yes
configure:9162: creating libtool
configure:9711: checking for ld used by g++
configure:9778: result: /usr/bin/ld
configure:9787: checking if the linker (/usr/bin/ld) is GNU ld
configure:9802: result: yes
configure:9853: checking whether the g++ linker (/usr/bin/ld) supports shared libraries
configure:10720: result: yes
configure:10738: g++ -c -g -O2  conftest.cc >&5
configure:10741: $? = 0
configure:10837: checking for g++ option to produce PIC
configure:11099: result: -fPIC
configure:11107: checking if g++ PIC flag -fPIC works
configure:11125: g++ -c -g -O2  -fPIC -DPIC conftest.cc >&5
configure:11129: $? = 0
configure:11140: result: yes
configure:11164: checking if g++ supports -c -o file.o
configure:11185: g++ -c -g -O2  -o out/conftest2.o conftest.cc >&5
configure:11189: $? = 0
configure:11209: result: yes
configure:11235: checking whether the g++ linker (/usr/bin/ld) supports shared libraries
configure:11260: result: yes
configure:11331: checking dynamic linker characteristics
configure:11871: result: GNU/Linux ld.so
configure:11875: checking how to hardcode library paths into programs
configure:11900: result: immediate
configure:11914: checking whether stripping libraries is possible
configure:11919: result: yes
configure:13226: checking if libtool supports shared libraries
configure:13228: result: yes
configure:13231: checking whether to build shared libraries
configure:13249: result: yes
configure:13252: checking whether to build static libraries
configure:13256: result: yes
configure:13268: checking for f77 option to produce PIC
configure:13455: result: -fPIC
configure:13463: checking if f77 PIC flag -fPIC works
configure:13481: f77 -c -g -O2 -fPIC conftest.f >&5
configure:13485: $? = 0
configure:13496: result: yes
configure:13520: checking if f77 supports -c -o file.o
configure:13541: f77 -c -g -O2 -o out/conftest2.o conftest.f >&5
configure:13545: $? = 0
configure:13565: result: yes
configure:13591: checking whether the f77 linker (/usr/bin/ld) supports shared libraries
configure:14420: result: yes
configure:14491: checking dynamic linker characteristics
configure:15031: result: GNU/Linux ld.so
configure:15035: checking how to hardcode library paths into programs
configure:15060: result: immediate
configure:15074: checking whether stripping libraries is possible
configure:15079: result: yes
configure:19177: checking whether to enable maintainer-specific portions of Makefiles
configure:19186: result: no
configure:19248: checking for gcc
configure:19274: result: /usr/bin/gcc -O2  -fPIC -DREAD_WRITE_64 -DLINUX2 -Wcomment -Wformat -DUSE_TRACING -DHAVE_XDBE  -DDONT_USE_XTDESTROY -D_GNU_SOURCE -DREPLACE_XT 
configure:19518: checking for C compiler version
configure:19521: /usr/bin/gcc -O2  -fPIC -DREAD_WRITE_64 -DLINUX2 -Wcomment -Wformat -DUSE_TRACING -DHAVE_XDBE  -DDONT_USE_XTDESTROY -D_GNU_SOURCE -DREPLACE_XT  --version </dev/null >&5
gcc (Debian 12.2.0-14+deb12u1) 12.2.0
Copyright (C) 2022 Free Software Foundation, Inc.
This is free software; see the source for copying conditions.  There is NO
warranty; not even for MERCHANTABILITY or FITNESS FOR A PARTICULAR PURPOSE.

configure:19524: $? = 0
configure:19526: /usr/bin/gcc -O2  -fPIC -DREAD_WRITE_64 -DLINUX2 -Wcomment -Wformat -DUSE_TRACING -DHAVE_XDBE  -DDONT_USE_XTDESTROY -D_GNU_SOURCE -DREPLACE_XT  -v </dev/null >&5
Using built-in specs.
COLLECT_GCC=/usr/bin/gcc
COLLECT_LTO_WRAPPER=/usr/lib/gcc/aarch64-linux-gnu/12/lto-wrapper
Target: aarch64-linux-gnu
Configured with: ../src/configure -v --with-pkgversion='Debian 12.2.0-14+deb12u1' --with-bugurl=file:///usr/share/doc/gcc-12/README.Bugs --enable-languages=c,ada,c++,go,d,fortran,objc,obj-c++,m2 --prefix=/usr --with-gcc-major-version-only --program-suffix=-12 --program-prefix=aarch64-linux-gnu- --enable-shared --enable-linker-build-id --libexecdir=/usr/lib --without-included-gettext --enable-threads=posix --libdir=/usr/lib --enable-nls --enable-clocale=gnu --enable-libstdcxx-debug --enable-libstdcxx-time=yes --with-default-libstdcxx-abi=new --enable-gnu-unique-object --disable-libquadmath --disable-libquadmath-support --enable-plugin --enable-default-pie --with-system-zlib --enable-libphobos-checking=release --with-target-system-zlib=auto --enable-objc-gc=auto --enable-multiarch --enable-fix-cortex-a53-843419 --disable-werror --enable-checking=release --build=aarch64-linux-gnu --host=aarch64-linux-gnu --target=aarch64-linux-gnu
Thread model: posix
Supported LTO compression algorithms: zlib zstd
gcc version 12.2.0 (Debian 12.2.0-14+deb12u1) 
configure:19529: $? = 0
configure:19531: /usr/bin/gcc -O2  -fPIC -DREAD_WRITE_64 -DLINUX2 -Wcomment -Wformat -DUSE_TRACING -DHAVE_XDBE  -DDONT_USE_XTDESTROY -D_GNU_SOURCE -DREPLACE_XT  -V </dev/null >&5
gcc: error: unrecognized command-line option '-V'
gcc: fatal error: no input files
compilation terminated.
configure:19534: $? = 1
configure:19537: checking whether we are using the GNU C compiler
configure:19593: result: yes
configure:19599: checking whether /usr/bin/gcc -O2  -fPIC -DREAD_WRITE_64 -DLINUX2 -Wcomment -Wformat -DUSE_TRACING -DHAVE_XDBE  -DDONT_USE_XTDESTROY -D_GNU_SOURCE -DREPLACE_XT  accepts -g
configure:19650: result: yes
configure:19667: checking for /usr/bin/gcc -O2  -fPIC -DREAD_WRITE_64 -DLINUX2 -Wcomment -Wformat -DUSE_TRACING -DHAVE_XDBE  -DDONT_USE_XTDESTROY -D_GNU_SOURCE -DREPLACE_XT  option to accept ANSI C
configure:19774: result: none needed
configure:19792: /usr/bin/gcc -O2  -fPIC -DREAD_WRITE_64 -DLINUX2 -Wcomment -Wformat -DUSE_TRACING -DHAVE_XDBE  -DDONT_USE_XTDESTROY -D_GNU_SOURCE -DREPLACE_XT  -c -g -O2  conftest.c >&5
conftest.c:2:3: error: unknown type name 'choke'
    2 |   choke me
      |   ^~~~~
conftest.c:2:3: error: expected '=', ',', ';', 'asm' or '__attribute__' at end of input
configure:19798: $? = 1
configure: failed program was:
| #ifndef __cplusplus
|   choke me
| #endif
configure:19933: checking dependency style of /usr/bin/gcc -O2  -fPIC -DREAD_WRITE_64 -DLINUX2 -Wcomment -Wformat -DUSE_TRACING -DHAVE_XDBE  -DDONT_USE_XTDESTROY -D_GNU_SOURCE -DREPLACE_XT 
configure:20023: result: gcc3
configure:20049: checking for gawk
configure:20075: result: mawk
configure:20085: checking for library containing strerror
configure:20115: /usr/bin/gcc -O2  -fPIC -DREAD_WRITE_64 -DLINUX2 -Wcomment -Wformat -DUSE_TRACING -DHAVE_XDBE  -DDONT_USE_XTDESTROY -D_GNU_SOURCE -DREPLACE_XT  -o conftest -g -O2 -Wall -Werror-implicit-function-declaration -Wstrict-prototypes -Wmissing-prototypes -Wmissing-declarations   conftest.c  >&5
conftest.c:35:1: warning: function declaration isn't a prototype [-Wstrict-prototypes]
   35 | char strerror ();
      | ^~~~
conftest.c:37:1: warning: function declaration isn't a prototype [-Wstrict-prototypes]
   37 | main ()
      | ^~~~
configure:20121: $? = 0
configure:20125: test -z 
			 || test ! -s conftest.err
configure:20128: $? = 0
configure:20131: test -s conftest
configure:20134: $? = 0
configure:20204: result: none required
configure:20211: checking for ANSI C header files
configure:20367: result: yes
configure:20378: checking for pgm_init in -lnetpbm
configure:20408: /usr/bin/gcc -O2  -fPIC -DREAD_WRITE_64 -DLINUX2 -Wcomment -Wformat -DUSE_TRACING -DHAVE_XDBE  -DDONT_USE_XTDESTROY -D_GNU_SOURCE -DREPLACE_XT  -o conftest -g -O2 -Wall -Werror-implicit-function-declaration -Wstrict-prototypes -Wmissing-prototypes -Wmissing-declarations   conftest.c -lnetpbm   >&5
conftest.c:36:1: warning: function declaration isn't a prototype [-Wstrict-prototypes]
   36 | char pgm_init ();
      | ^~~~
conftest.c:38:1: warning: function declaration isn't a prototype [-Wstrict-prototypes]
   38 | main ()
      | ^~~~
configure:20414: $? = 0
configure:20418: test -z 
			 || test ! -s conftest.err
configure:20421: $? = 0
configure:20424: test -s conftest
configure:20427: $? = 0
configure:20440: result: yes
configure:20489: checking for pkg-config
configure:20507: found /usr/bin/pkg-config
configure:20520: result: /usr/bin/pkg-config
configure:20543: checking for GLIB - version >= 2.4.0
configure:20662: /usr/bin/gcc -O2  -fPIC -DREAD_WRITE_64 -DLINUX2 -Wcomment -Wformat -DUSE_TRACING -DHAVE_XDBE  -DDONT_USE_XTDESTROY -D_GNU_SOURCE -DREPLACE_XT  -o conftest -g -O2 -Wall -Werror-implicit-function-declaration -Wstrict-prototypes -Wmissing-prototypes -Wmissing-declarations -I/usr/include/glib-2.0 -I/usr/lib/aarch64-linux-gnu/glib-2.0/include -pthread    conftest.c -lgthread-2.0 -Wl,--export-dynamic -lgmodule-2.0 -pthread -lglib-2.0 -lglib-2.0   >&5
conftest.c:35:1: warning: function declaration isn't a prototype [-Wstrict-prototypes]
   35 | main ()
      | ^~~~
configure:20665: $? = 0
configure:20667: ./conftest
configure:20670: $? = 0
configure:20688: result: yes (version 2.74.6)
configure:21211: /usr/bin/gcc -O2  -fPIC -DREAD_WRITE_64 -DLINUX2 -Wcomment -Wformat -DUSE_TRACING -DHAVE_XDBE  -DDONT_USE_XTDESTROY -D_GNU_SOURCE -DREPLACE_XT  -c -g -O2 -Wall -Werror-implicit-function-declaration -Wstrict-prototypes -Wmissing-prototypes -Wmissing-declarations -I/usr/include/glib-2.0 -I/usr/lib/aarch64-linux-gnu/glib-2.0/include   conftest.c >&5
conftest.c:31:1: warning: function declaration isn't a prototype [-Wstrict-prototypes]
   31 | main ()
      | ^~~~
conftest.c: In function 'main':
conftest.c:33:1: warning: missing terminating " character
   33 | "{
      | ^
conftest.c:33:1: error: missing terminating " character
   33 | "{
      | ^~
conftest.c:34:13: warning: #warning test [-Wcpp]
   34 |            #warning test
      |             ^~~~~~~
conftest.c: At top level:
conftest.c:35:10: warning: missing terminating " character
   35 |         }"
      |          ^
conftest.c:35:10: error: missing terminating " character
conftest.c:37:3: error: expected identifier or '(' before 'return'
   37 |   return 0;
      |   ^~~~~~
conftest.c:38:1: error: expected identifier or '(' before '}' token
   38 | }
      | ^
configure:21217: $? = 1
configure: failed program was:
| /* confdefs.h.  */
| 
| #define PACKAGE_NAME ""
| #define PACKAGE_TARNAME ""
| #define PACKAGE_VERSION ""
| #define PACKAGE_STRING ""
| #define PACKAGE_BUGREPORT ""
| #define GTS_MAJOR_VERSION 0
| #define GTS_MINOR_VERSION 7
| #define GTS_MICRO_VERSION 4
| #define GTS_INTERFACE_AGE 0
| #define GTS_BINARY_AGE 0
| #define STDC_HEADERS 1
| #define HAVE_SYS_TYPES_H 1
| #define HAVE_SYS_STAT_H 1
| #define HAVE_STDLIB_H 1
| #define HAVE_STRING_H 1
| #define HAVE_MEMORY_H 1
| #define HAVE_STRINGS_H 1
| #define HAVE_INTTYPES_H 1
| #define HAVE_STDINT_H 1
| #define HAVE_UNISTD_H 1
| #define HAVE_DLFCN_H 1
| #ifdef __cplusplus
| extern "C" void std::exit (int) throw (); using std::exit;
| #endif
| #define STDC_HEADERS 1
| /* end confdefs.h.  */
| 
| int
| main ()
| {
| "{
|            #warning test
| 	}"
|   ;
|   return 0;
| }
configure:21241: WARNING: "C preprocessor does not support warning directive."
configure:21261: checking fpu_control.h usability
configure:21273: /usr/bin/gcc -O2  -fPIC -DREAD_WRITE_64 -DLINUX2 -Wcomment -Wformat -DUSE_TRACING -DHAVE_XDBE  -DDONT_USE_XTDESTROY -D_GNU_SOURCE -DREPLACE_XT  -c -g -O2 -Wall -Werror-implicit-function-declaration -Wstrict-prototypes -Wmissing-prototypes -Wmissing-declarations -I/usr/include/glib-2.0 -I/usr/lib/aarch64-linux-gnu/glib-2.0/include   conftest.c >&5
configure:21279: $? = 0
configure:21283: test -z 
			 || test ! -s conftest.err
configure:21286: $? = 0
configure:21289: test -s conftest.o
configure:21292: $? = 0
configure:21302: result: yes
configure:21306: checking fpu_control.h presence
configure:21316: /usr/bin/gcc -O2  -fPIC -DREAD_WRITE_64 -DLINUX2 -Wcomment -Wformat -DUSE_TRACING -DHAVE_XDBE  -DDONT_USE_XTDESTROY -D_GNU_SOURCE -DREPLACE_XT  -E  conftest.c
configure:21322: $? = 0
configure:21342: result: yes
configure:21377: checking for fpu_control.h
configure:21384: result: yes
configure:21414: checking floatingpoint.h usability
configure:21426: /usr/bin/gcc -O2  -fPIC -DREAD_WRITE_64 -DLINUX2 -Wcomment -Wformat -DUSE_TRACING -DHAVE_XDBE  -DDONT_USE_XTDESTROY -D_GNU_SOURCE -DREPLACE_XT  -c -g -O2 -Wall -Werror-implicit-function-declaration -Wstrict-prototypes -Wmissing-prototypes -Wmissing-declarations -I/usr/include/glib-2.0 -I/usr/lib/aarch64-linux-gnu/glib-2.0/include   conftest.c >&5
conftest.c:65:10: fatal error: floatingpoint.h: No such file or directory
   65 | #include <floatingpoint.h>
      |          ^~~~~~~~~~~~~~~~~
compilation terminated.
configure:21432: $? = 1
configure: failed program was:
| /* confdefs.h.  */
| 
| #define PACKAGE_NAME ""
| #define PACKAGE_TARNAME ""
| #define PACKAGE_VERSION ""
| #define PACKAGE_STRING ""
| #define PACKAGE_BUGREPORT ""
| #define GTS_MAJOR_VERSION 0
| #define GTS_MINOR_VERSION 7
| #define GTS_MICRO_VERSION 4
| #define GTS_INTERFACE_AGE 0
| #define GTS_BINARY_AGE 0
| #define STDC_HEADERS 1
| #define HAVE_SYS_TYPES_H 1
| #define HAVE_SYS_STAT_H 1
| #define HAVE_STDLIB_H 1
| #define HAVE_STRING_H 1
| #define HAVE_MEMORY_H 1
| #define HAVE_STRINGS_H 1
| #define HAVE_INTTYPES_H 1
| #define HAVE_STDINT_H 1
| #define HAVE_UNISTD_H 1
| #define HAVE_DLFCN_H 1
| #ifdef __cplusplus
| extern "C" void std::exit (int) throw (); using std::exit;
| #endif
| #define STDC_HEADERS 1
| #define HAVE_FPU_CONTROL_H 1
| #define HAVE_FPU_CONTROL_H 1
| /* end confdefs.h.  */
| #include <stdio.h>
| #if HAVE_SYS_TYPES_H
| # include <sys/types.h>
| #endif
| #if HAVE_SYS_STAT_H
| # include <sys/stat.h>
| #endif
| #if STDC_HEADERS
| # include <stdlib.h>
| # include <stddef.h>
| #else
| # if HAVE_STDLIB_H
| #  include <stdlib.h>
| # endif
| #endif
| #if HAVE_STRING_H
| # if !STDC_HEADERS && HAVE_MEMORY_H
| #  include <memory.h>
| # endif
| # include <string.h>
| #endif
| #if HAVE_STRINGS_H
| # include <strings.h>
| #endif
| #if HAVE_INTTYPES_H
| # include <inttypes.h>
| #else
| # if HAVE_STDINT_H
| #  include <stdint.h>
| # endif
| #endif
| #if HAVE_UNISTD_H
| # include <unistd.h>
| #endif
| #include <floatingpoint.h>
configure:21455: result: no
configure:21459: checking floatingpoint.h presence
configure:21469: /usr/bin/gcc -O2  -fPIC -DREAD_WRITE_64 -DLINUX2 -Wcomment -Wformat -DUSE_TRACING -DHAVE_XDBE  -DDONT_USE_XTDESTROY -D_GNU_SOURCE -DREPLACE_XT  -E  conftest.c
conftest.c:31:10: fatal error: floatingpoint.h: No such file or directory
   31 | #include <floatingpoint.h>
      |          ^~~~~~~~~~~~~~~~~
compilation terminated.
configure:21475: $? = 1
configure: failed program was:
| /* confdefs.h.  */
| 
| #define PACKAGE_NAME ""
| #define PACKAGE_TARNAME ""
| #define PACKAGE_VERSION ""
| #define PACKAGE_STRING ""
| #define PACKAGE_BUGREPORT ""
| #define GTS_MAJOR_VERSION 0
| #define GTS_MINOR_VERSION 7
| #define GTS_MICRO_VERSION 4
| #define GTS_INTERFACE_AGE 0
| #define GTS_BINARY_AGE 0
| #define STDC_HEADERS 1
| #define HAVE_SYS_TYPES_H 1
| #define HAVE_SYS_STAT_H 1
| #define HAVE_STDLIB_H 1
| #define HAVE_STRING_H 1
| #define HAVE_MEMORY_H 1
| #define HAVE_STRINGS_H 1
| #define HAVE_INTTYPES_H 1
| #define HAVE_STDINT_H 1
| #define HAVE_UNISTD_H 1
| #define HAVE_DLFCN_H 1
| #ifdef __cplusplus
| extern "C" void std::exit (int) throw (); using std::exit;
| #endif
| #define STDC_HEADERS 1
| #define HAVE_FPU_CONTROL_H 1
| #define HAVE_FPU_CONTROL_H 1
| /* end confdefs.h.  */
| #include <floatingpoint.h>
configure:21495: result: no
configure:21530: checking for floatingpoint.h
configure:21537: result: no
configure:21558: checking for unistd.h
configure:21563: result: yes
configure:21720: checking getopt.h usability
configure:21732: /usr/bin/gcc -O2  -fPIC -DREAD_WRITE_64 -DLINUX2 -Wcomment -Wformat -DUSE_TRACING -DHAVE_XDBE  -DDONT_USE_XTDESTROY -D_GNU_SOURCE -DREPLACE_XT  -c -g -O2 -Wall -Werror-implicit-function-declaration -Wstrict-prototypes -Wmissing-prototypes -Wmissing-declarations -I/usr/include/glib-2.0 -I/usr/lib/aarch64-linux-gnu/glib-2.0/include   conftest.c >&5
configure:21738: $? = 0
configure:21742: test -z 
			 || test ! -s conftest.err
configure:21745: $? = 0
configure:21748: test -s conftest.o
configure:21751: $? = 0
configure:21761: result: yes
configure:21765: checking getopt.h presence
configure:21775: /usr/bin/gcc -O2  -fPIC -DREAD_WRITE_64 -DLINUX2 -Wcomment -Wformat -DUSE_TRACING -DHAVE_XDBE  -DDONT_USE_XTDESTROY -D_GNU_SOURCE -DREPLACE_XT  -E  conftest.c
configure:21781: $? = 0
configure:21801: result: yes
configure:21836: checking for getopt.h
configure:21843: result: yes
configure:21864: checking for getopt_long
configure:21921: /usr/bin/gcc -O2  -fPIC -DREAD_WRITE_64 -DLINUX2 -Wcomment -Wformat -DUSE_TRACING -DHAVE_XDBE  -DDONT_USE_XTDESTROY -D_GNU_SOURCE -DREPLACE_XT  -o conftest -g -O2 -Wall -Werror-implicit-function-declaration -Wstrict-prototypes -Wmissing-prototypes -Wmissing-declarations -I/usr/include/glib-2.0 -I/usr/lib/aarch64-linux-gnu/glib-2.0/include    -lglib-2.0  conftest.c  >&5
conftest.c:59:1: warning: function declaration isn't a prototype [-Wstrict-prototypes]
   59 | char getopt_long ();
      | ^~~~
conftest.c:66:1: warning: function declaration isn't a prototype [-Wstrict-prototypes]
   66 | char (*f) () = getopt_long;
      | ^~~~
conftest.c:73:1: warning: function declaration isn't a prototype [-Wstrict-prototypes]
   73 | main ()
      | ^~~~
configure:21927: $? = 0
configure:21931: test -z 
			 || test ! -s conftest.err
configure:21934: $? = 0
configure:21937: test -s conftest
configure:21940: $? = 0
configure:21952: result: yes
configure:22102: creating ./config.status

## ---------------------- ##
## Running config.status. ##
## ---------------------- ##

This file was extended by config.status, which was
generated by GNU Autoconf 2.59.  Invocation command line was

  CONFIG_FILES    = 
  CONFIG_HEADERS  = 
  CONFIG_LINKS    = 
  CONFIG_COMMANDS = 
  $ ./config.status 

on debian-gnu-linux-12-6

config.status:760: creating Makefile
config.status:760: creating gts.pc
config.status:760: creating gts.spec
config.status:760: creating src/Makefile
config.status:760: creating src/gts-config
config.status:760: creating tools/Makefile
config.status:760: creating doc/Makefile
config.status:760: creating examples/Makefile
config.status:760: creating test/Makefile
config.status:760: creating test/boolean/Makefile
config.status:760: creating test/delaunay/Makefile
config.status:760: creating test/coarsen/Makefile
config.status:864: creating config.h
config.status:1168: executing depfiles commands
config.status:1168: executing default-1 commands

## ---------------- ##
## Cache variables. ##
## ---------------- ##

ac_cv_build=aarch64-unknown-linux-gnu
ac_cv_build_alias=aarch64-unknown-linux-gnu
ac_cv_c_compiler_gnu=yes
ac_cv_cxx_compiler_gnu=yes
ac_cv_env_CC_set=set
ac_cv_env_CC_value='/usr/bin/gcc -O2  -fPIC -DREAD_WRITE_64 -DLINUX2 -Wcomment -Wformat -DUSE_TRACING -DHAVE_XDBE  -DDONT_USE_XTDESTROY -D_GNU_SOURCE -DREPLACE_XT '
ac_cv_env_CFLAGS_set=
ac_cv_env_CFLAGS_value=
ac_cv_env_CPPFLAGS_set=
ac_cv_env_CPPFLAGS_value=
ac_cv_env_CPP_set=
ac_cv_env_CPP_value=
ac_cv_env_CXXCPP_set=
ac_cv_env_CXXCPP_value=
ac_cv_env_CXXFLAGS_set=
ac_cv_env_CXXFLAGS_value=
ac_cv_env_CXX_set=
ac_cv_env_CXX_value=
ac_cv_env_F77_set=
ac_cv_env_F77_value=
ac_cv_env_FFLAGS_set=
ac_cv_env_FFLAGS_value=
ac_cv_env_LDFLAGS_set=
ac_cv_env_LDFLAGS_value=
ac_cv_env_build_alias_set=
ac_cv_env_build_alias_value=
ac_cv_env_host_alias_set=
ac_cv_env_host_alias_value=
ac_cv_env_target_alias_set=
ac_cv_env_target_alias_value=
ac_cv_exeext=
ac_cv_f77_compiler_gnu=yes
ac_cv_func_getopt_long=yes
ac_cv_header_dlfcn_h=yes
ac_cv_header_floatingpoint_h=no
ac_cv_header_fpu_control_h=yes
ac_cv_header_getopt_h=yes
ac_cv_header_inttypes_h=yes
ac_cv_header_memory_h=yes
ac_cv_header_stdc=yes
ac_cv_header_stdint_h=yes
ac_cv_header_stdlib_h=yes
ac_cv_header_string_h=yes
ac_cv_header_strings_h=yes
ac_cv_header_sys_stat_h=yes
ac_cv_header_sys_types_h=yes
ac_cv_header_unistd_h=yes
ac_cv_host=aarch64-unknown-linux-gnu
ac_cv_host_alias=aarch64-unknown-linux-gnu
ac_cv_lib_netpbm_pgm_init=yes
ac_cv_objext=o
ac_cv_path_PKG_CONFIG=/usr/bin/pkg-config
ac_cv_path_install='/usr/bin/install -c'
ac_cv_prog_AWK=mawk
ac_cv_prog_CPP='/usr/bin/gcc -O2  -fPIC -DREAD_WRITE_64 -DLINUX2 -Wcomment -Wformat -DUSE_TRACING -DHAVE_XDBE  -DDONT_USE_XTDESTROY -D_GNU_SOURCE -DREPLACE_XT  -E'
ac_cv_prog_CXXCPP='g++ -E'
ac_cv_prog_ac_ct_AR=ar
ac_cv_prog_ac_ct_CC='/usr/bin/gcc -O2  -fPIC -DREAD_WRITE_64 -DLINUX2 -Wcomment -Wformat -DUSE_TRACING -DHAVE_XDBE  -DDONT_USE_XTDESTROY -D_GNU_SOURCE -DREPLACE_XT '
ac_cv_prog_ac_ct_CXX=g++
ac_cv_prog_ac_ct_F77=f77
ac_cv_prog_ac_ct_RANLIB=/usr/bin/ranlib
ac_cv_prog_ac_ct_STRIP=strip
ac_cv_prog_cc_g=yes
ac_cv_prog_cc_stdc=
ac_cv_prog_cxx_g=yes
ac_cv_prog_egrep='grep -E'
ac_cv_prog_f77_g=yes
ac_cv_prog_make_make_set=yes
ac_cv_search_strerror='none required'
am_cv_CC_dependencies_compiler_type=gcc3
am_cv_CXX_dependencies_compiler_type=gcc3
lt_cv_deplibs_check_method=pass_all
lt_cv_file_magic_cmd='$MAGIC_CMD'
lt_cv_file_magic_test_file=
lt_cv_ld_reload_flag=-r
lt_cv_objdir=.libs
lt_cv_path_LD=/usr/bin/ld
lt_cv_path_LDCXX=/usr/bin/ld
lt_cv_path_NM='/usr/bin/nm -B'
lt_cv_path_SED=/usr/bin/sed
lt_cv_prog_compiler_c_o=yes
lt_cv_prog_compiler_c_o_CXX=yes
lt_cv_prog_compiler_c_o_F77=yes
lt_cv_prog_compiler_rtti_exceptions=no
lt_cv_prog_gnu_ld=yes
lt_cv_prog_gnu_ldcxx=yes
lt_cv_sys_global_symbol_pipe='sed -n -e '\''s/^.*[ 	]\([ABCDGIRSTW][ABCDGIRSTW]*\)[ 	][ 	]*\(\)\([_A-Za-z][_A-Za-z0-9]*\)$/\1 \2\3 \3/p'\'''
lt_cv_sys_global_symbol_to_c_name_address='sed -n -e '\''s/^: \([^ ]*\) $/  {\"\1\", (lt_ptr) 0},/p'\'' -e '\''s/^[BCDEGRST] \([^ ]*\) \([^ ]*\)$/  {"\2", (lt_ptr) \&\2},/p'\'''
lt_cv_sys_global_symbol_to_cdecl='sed -n -e '\''s/^. .* \(.*\)$/extern int \1;/p'\'''
lt_cv_sys_max_cmd_len=32768
lt_lt_cv_prog_compiler_c_o='"yes"'
lt_lt_cv_prog_compiler_c_o_CXX='"yes"'
lt_lt_cv_prog_compiler_c_o_F77='"yes"'
lt_lt_cv_sys_global_symbol_pipe='"sed -n -e '\''s/^.*[ 	]\\([ABCDGIRSTW][ABCDGIRSTW]*\\)[ 	][ 	]*\\(\\)\\([_A-Za-z][_A-Za-z0-9]*\\)\$/\\1 \\2\\3 \\3/p'\''"'
lt_lt_cv_sys_global_symbol_to_c_name_address='"sed -n -e '\''s/^: \\([^ ]*\\) \$/  {\\\"\\1\\\", (lt_ptr) 0},/p'\'' -e '\''s/^[BCDEGRST] \\([^ ]*\\) \\([^ ]*\\)\$/  {\"\\2\", (lt_ptr) \\&\\2},/p'\''"'
lt_lt_cv_sys_global_symbol_to_cdecl='"sed -n -e '\''s/^. .* \\(.*\\)\$/extern int \\1;/p'\''"'

## ----------------- ##
## Output variables. ##
## ----------------- ##

ACLOCAL='${SHELL} /home/parallels/afni/src/SUMA/gts/missing --run aclocal-1.9'
AMDEPBACKSLASH='\'
AMDEP_FALSE='#'
AMDEP_TRUE=''
AMTAR='${SHELL} /home/parallels/afni/src/SUMA/gts/missing --run tar'
AR='ar'
AUTOCONF='${SHELL} /home/parallels/afni/src/SUMA/gts/missing --run autoconf'
AUTOHEADER='${SHELL} /home/parallels/afni/src/SUMA/gts/missing --run autoheader'
AUTOMAKE='${SHELL} /home/parallels/afni/src/SUMA/gts/missing --run automake-1.9'
AWK='mawk'
CC='/usr/bin/gcc -O2  -fPIC -DREAD_WRITE_64 -DLINUX2 -Wcomment -Wformat -DUSE_TRACING -DHAVE_XDBE  -DDONT_USE_XTDESTROY -D_GNU_SOURCE -DREPLACE_XT '
CCDEPMODE='depmode=gcc3'
CFLAGS='-g -O2 -Wall -Werror-implicit-function-declaration -Wstrict-prototypes -Wmissing-prototypes -Wmissing-declarations -I/usr/include/glib-2.0 -I/usr/lib/aarch64-linux-gnu/glib-2.0/include '
CPP='/usr/bin/gcc -O2  -fPIC -DREAD_WRITE_64 -DLINUX2 -Wcomment -Wformat -DUSE_TRACING -DHAVE_XDBE  -DDONT_USE_XTDESTROY -D_GNU_SOURCE -DREPLACE_XT  -E'
CPPFLAGS=''
CXX='g++'
CXXCPP='g++ -E'
CXXDEPMODE='depmode=gcc3'
CXXFLAGS='-g -O2'
CYGPATH_W='echo'
DEFS='-DHAVE_CONFIG_H'
DEPDIR='.deps'
ECHO='echo'
ECHO_C=''
ECHO_N='-n'
ECHO_T=''
EGREP='grep -E'
EXEEXT=''
F77='f77'
FFLAGS='-g -O2'
GLIB_CFLAGS='-I/usr/include/glib-2.0 -I/usr/lib/aarch64-linux-gnu/glib-2.0/include -pthread '
GLIB_CONFIG=''
GLIB_DEPLIBS='-lglib-2.0 '
GLIB_GENMARSHAL='/usr/bin/glib-genmarshal'
GLIB_LIBS='-lglib-2.0 '
GLIB_MKENUMS='/usr/bin/glib-mkenums'
GOBJECT_QUERY='/usr/bin/gobject-query'
GTS_MAJOR_VERSION='0'
GTS_MICRO_VERSION='4'
GTS_MINOR_VERSION='7'
GTS_VERSION='0.7.4'
HAS_NETPBM_FALSE='#'
HAS_NETPBM_TRUE=''
INSTALL_DATA='${INSTALL} -m 644'
INSTALL_PROGRAM='${INSTALL}'
INSTALL_SCRIPT='${INSTALL}'
INSTALL_STRIP_PROGRAM='${SHELL} $(install_sh) -c -s'
LDFLAGS=' -lglib-2.0 '
LIBOBJS=''
LIBS=''
LIBTOOL='$(SHELL) $(top_builddir)/libtool'
LN_S='ln -s'
LTLIBOBJS=''
LT_AGE='0'
LT_CURRENT='4'
LT_RELEASE='0.7'
LT_REVISION='0'
MAINT='#'
MAINTAINER_MODE_FALSE=''
MAINTAINER_MODE_TRUE='#'
MAKEINFO='${SHELL} /home/parallels/afni/src/SUMA/gts/missing --run makeinfo'
OBJEXT='o'
PACKAGE='gts'
PACKAGE_BUGREPORT=''
PACKAGE_NAME=''
PACKAGE_STRING=''
PACKAGE_TARNAME=''
PACKAGE_VERSION=''
PATH_SEPARATOR=':'
PKG_CONFIG='/usr/bin/pkg-config'
RANLIB='/usr/bin/ranlib'
SET_MAKE=''
SHELL='/bin/bash'
STRIP='strip'
VERSION='0.7.4'
ac_ct_AR='ar'
ac_ct_CC='/usr/bin/gcc -O2  -fPIC -DREAD_WRITE_64 -DLINUX2 -Wcomment -Wformat -DUSE_TRACING -DHAVE_XDBE  -DDONT_USE_XTDESTROY -D_GNU_SOURCE -DREPLACE_XT '
ac_ct_CXX='g++'
ac_ct_F77='f77'
ac_ct_RANLIB='/usr/bin/ranlib'
ac_ct_STRIP='strip'
am__fastdepCC_FALSE='#'
am__fastdepCC_TRUE=''
am__fastdepCXX_FALSE='#'
am__fastdepCXX_TRUE=''
am__include='include'
am__leading_dot='.'
am__quote=''
am__tar='${AMTAR} chof - "$$tardir"'
am__untar='${AMTAR} xf -'
bindir='${exec_prefix}/bin'
build='aarch64-unknown-linux-gnu'
build_alias=''
build_cpu='aarch64'
build_os='linux-gnu'
build_vendor='unknown'
datadir='${prefix}/share'
exec_prefix='${prefix}'
glib_cflags='-I/usr/include/glib-2.0 -I/usr/lib/aarch64-linux-gnu/glib-2.0/include '
glib_libs='-lglib-2.0 '
glib_module_cflags='-I/usr/include/glib-2.0 -I/usr/lib/aarch64-linux-gnu/glib-2.0/include -pthread '
glib_module_libs='-Wl,--export-dynamic -lgmodule-2.0 -pthread -lglib-2.0 -lglib-2.0 '
glib_thread_cflags='-I/usr/include/glib-2.0 -I/usr/lib/aarch64-linux-gnu/glib-2.0/include -pthread '
glib_thread_libs='-lgthread-2.0 -pthread -lglib-2.0 '
host='aarch64-unknown-linux-gnu'
host_alias=''
host_cpu='aarch64'
host_os='linux-gnu'
host_vendor='unknown'
includedir='/usr/include/netpbm'
infodir='${prefix}/info'
install_sh='/home/parallels/afni/src/SUMA/gts/install-sh'
libdir='${exec_prefix}/lib'
libexecdir='${exec_prefix}/libexec'
localstatedir='${prefix}/var'
mandir='${prefix}/man'
mkdir_p='mkdir -p --'
oldincludedir='/usr/include'
prefix='/usr/local'
program_transform_name='s,x,x,'
sbindir='${exec_prefix}/sbin'
sharedstatedir='${prefix}/com'
sysconfdir='${prefix}/etc'
target_alias=''

## ----------- ##
## confdefs.h. ##
## ----------- ##

#define GTS_BINARY_AGE 0
#define GTS_INTERFACE_AGE 0
#define GTS_MAJOR_VERSION 0
#define GTS_MICRO_VERSION 4
#define GTS_MINOR_VERSION 7
#define HAVE_DLFCN_H 1
#define HAVE_FPU_CONTROL_H 1
#define HAVE_FPU_CONTROL_H 1
#define HAVE_GETOPT_H 1
#define HAVE_GETOPT_H 1
#define HAVE_GETOPT_LONG 1
#define HAVE_INTTYPES_H 1
#define HAVE_MEMORY_H 1
#define HAVE_STDINT_H 1
#define HAVE_STDLIB_H 1
#define HAVE_STRINGS_H 1
#define HAVE_STRING_H 1
#define HAVE_SYS_STAT_H 1
#define HAVE_SYS_TYPES_H 1
#define HAVE_UNISTD_H 1
#define HAVE_UNISTD_H 1
#define HAVE_UNISTD_H 1
#define PACKAGE_BUGREPORT ""
#define PACKAGE_NAME ""
#define PACKAGE_STRING ""
#define PACKAGE_TARNAME ""
#define PACKAGE_VERSION ""
#define STDC_HEADERS 1
#define STDC_HEADERS 1
#endif
#ifdef __cplusplus
extern "C" void std::exit (int) throw (); using std::exit;

configure: exit 0

## ---------------------- ##
## Running config.status. ##
## ---------------------- ##

This file was extended by config.status, which was
generated by GNU Autoconf 2.59.  Invocation command line was

  CONFIG_FILES    = 
  CONFIG_HEADERS  = 
  CONFIG_LINKS    = 
  CONFIG_COMMANDS = 
  $ ./config.status src/gts-config

on debian-gnu-linux-12-6

config.status:760: creating src/gts-config
