This file contains any messages produced by compilers while
running configure, to aid debugging if configure makes a mistake.

configure:538: checking for gcc
configure:615: checking whether the C compiler (/usr/bin/gcc  -fPIC   -L. -L/usr/lib64) works
configure:629: /usr/bin/gcc  -fPIC  -o conftest   -L. -L/usr/lib64 conftest.c  1>&5
configure:649: checking whether the C compiler (/usr/bin/gcc  -fPIC   -L. -L/usr/lib64) is a cross-compiler
configure:654: checking whether we are using GNU C
configure:663: /usr/bin/gcc  -fPIC  -E conftest.c
configure:681: checking how to run the C preprocessor
configure:702: /usr/bin/gcc  -fPIC  -E  conftest.c >/dev/null 2>conftest.out
configure:742: checking for function prototypes
configure:765: /usr/bin/gcc  -fPIC  -c -O2  conftest.c 1>&5
configure:792: checking for stddef.h
configure:802: /usr/bin/gcc  -fPIC  -E  conftest.c >/dev/null 2>conftest.out
configure:828: checking for stdlib.h
configure:838: /usr/bin/gcc  -fPIC  -E  conftest.c >/dev/null 2>conftest.out
configure:864: checking for string.h
configure:874: /usr/bin/gcc  -fPIC  -E  conftest.c >/dev/null 2>conftest.out
configure:900: checking for size_t
configure:923: /usr/bin/gcc  -fPIC  -c -O2  conftest.c 1>&5
configure:994: checking for type unsigned char
configure:1003: /usr/bin/gcc  -fPIC  -c -O2  conftest.c 1>&5
configure:1018: checking for type unsigned short
configure:1027: /usr/bin/gcc  -fPIC  -c -O2  conftest.c 1>&5
configure:1042: checking for type void
configure:1072: /usr/bin/gcc  -fPIC  -c -O2  conftest.c 1>&5
configure:1088: checking for working const
configure:1142: /usr/bin/gcc  -fPIC  -c -O2  conftest.c 1>&5
configure:1163: checking for inline
configure:1174: /usr/bin/gcc  -fPIC  -c -O2  conftest.c 1>&5
configure:1224: checking for broken incomplete types
configure:1233: /usr/bin/gcc  -fPIC  -c -O2  conftest.c 1>&5
configure:1248: checking for short external names
configure:1260: /usr/bin/gcc  -fPIC  -o conftest -O2  -L. -L/usr/lib64 conftest.c  1>&5
configure:1275: checking to see if char is signed
configure:1306: /usr/bin/gcc  -fPIC  -o conftest -O2  -L. -L/usr/lib64 conftest.c  1>&5
configure: In function 'is_char_signed':
configure:1295:5: warning: implicit declaration of function 'printf' [-Wimplicit-function-declaration]
 1295 |   echo Assuming that char is signed on target machine.
      |     ^~~~~~
configure:1283:1: note: include '<stdio.h>' or provide a declaration of 'printf'
 1282 |   echo "configure: failed program was:" >&5
  +++ |+#include <stdio.h>
 1283 |   cat conftest.$ac_ext >&5
configure:1295:5: warning: incompatible implicit declaration of built-in function 'printf' [-Wbuiltin-declaration-mismatch]
 1295 |   echo Assuming that char is signed on target machine.
      |     ^~~~~~
configure:1295:5: note: include '<stdio.h>' or provide a declaration of 'printf'
configure: At top level:
configure:1301:1: warning: return type defaults to 'int' [-Wimplicit-int]
 1301 | #include "confdefs.h"
      | ^~~~
configure: In function 'main':
configure:1302:3: warning: implicit declaration of function 'exit' [-Wimplicit-function-declaration]
 1302 | 
      |   ^   
configure:1283:1: note: include '<stdlib.h>' or provide a declaration of 'exit'
 1282 |   echo "configure: failed program was:" >&5
  +++ |+#include <stdlib.h>
 1283 |   cat conftest.$ac_ext >&5
configure:1302:3: warning: incompatible implicit declaration of built-in function 'exit' [-Wbuiltin-declaration-mismatch]
 1302 | 
      |   ^   
configure:1302:3: note: include '<stdlib.h>' or provide a declaration of 'exit'
configure:1323: checking to see if right shift is signed
configure:1358: /usr/bin/gcc  -fPIC  -o conftest -O2  -L. -L/usr/lib64 conftest.c  1>&5
configure: In function 'is_shifting_signed':
configure:1349:3: warning: implicit declaration of function 'printf' [-Wimplicit-function-declaration]
 1349 | #ifdef HAVE_PROTOTYPES
      |   ^~~~~~
configure:1329:1: note: include '<stdio.h>' or provide a declaration of 'printf'
 1328 | #define CHAR_IS_UNSIGNED
  +++ |+#include <stdio.h>
 1329 | EOF
configure:1349:3: warning: incompatible implicit declaration of built-in function 'printf' [-Wbuiltin-declaration-mismatch]
 1349 | #ifdef HAVE_PROTOTYPES
      |   ^~~~~~
configure:1349:3: note: include '<stdio.h>' or provide a declaration of 'printf'
configure: At top level:
configure:1353:1: warning: return type defaults to 'int' [-Wimplicit-int]
 1353 |      long arg;
      | ^   
configure: In function 'main':
configure:1354:3: warning: implicit declaration of function 'exit' [-Wimplicit-function-declaration]
 1354 | #endif
      |   ^~~~
configure:1329:1: note: include '<stdlib.h>' or provide a declaration of 'exit'
 1328 | #define CHAR_IS_UNSIGNED
  +++ |+#include <stdlib.h>
 1329 | EOF
configure:1354:3: warning: incompatible implicit declaration of built-in function 'exit' [-Wbuiltin-declaration-mismatch]
 1354 | #endif
      |   ^~~~
configure:1354:3: note: include '<stdlib.h>' or provide a declaration of 'exit'
configure: failed program was:
#line 1328 "configure"
#include "confdefs.h"

#ifdef HAVE_PROTOTYPES
int is_shifting_signed (long arg)
#else
int is_shifting_signed (arg)
     long arg;
#endif
/* See whether right-shift on a long is signed or not. */
{
  long res = arg >> 4;

  if (res == -0x7F7E80CL) {	/* expected result for signed shift */
    return 1;			/* right shift is signed */
  }
  /* see if unsigned-shift hack will fix it. */
  /* we can't just test exact value since it depends on width of long... */
  res |= (~0L) << (32-4);
  if (res == -0x7F7E80CL) {	/* expected result now? */
    return 0;			/* right shift is unsigned */
  }
  printf("Right shift isn't acting as I expect it to.\n");
  printf("I fear the JPEG software will not work at all.\n\n");
  return 0;			/* try it with unsigned anyway */
}
main() {
  exit(is_shifting_signed(-0x7F7E80B1L));
}
configure:1375: checking to see if fopen accepts b spec
configure:1390: /usr/bin/gcc  -fPIC  -o conftest -O2  -L. -L/usr/lib64 conftest.c  1>&5
configure:1383:1: warning: return type defaults to 'int' [-Wimplicit-int]
 1383 | else
      | ^~~~
configure: In function 'main':
configure:1385:5: warning: implicit declaration of function 'exit' [-Wimplicit-function-declaration]
 1385 |   cat conftest.$ac_ext >&5
      |     ^~~~
configure:1383:1: note: include '<stdlib.h>' or provide a declaration of 'exit'
 1382 | 
  +++ |+#include <stdlib.h>
 1383 | else
configure:1385:5: warning: incompatible implicit declaration of built-in function 'exit' [-Wbuiltin-declaration-mismatch]
 1385 |   cat conftest.$ac_ext >&5
      |     ^~~~
configure:1385:5: note: include '<stdlib.h>' or provide a declaration of 'exit'
configure:1386:3: warning: incompatible implicit declaration of built-in function 'exit' [-Wbuiltin-declaration-mismatch]
 1386 |   rm -fr conftest*
      |   ^~~~
configure:1386:3: note: include '<stdlib.h>' or provide a declaration of 'exit'
configure:1436: checking for a BSD compatible install
configure:1488: checking for ranlib
configure:1650: checking libjpeg version number
